     1 00000000                                 [FORMAT "WCOFF"]
     2 00000000                                 [INSTRSET "i486p"]
     3 00000000                                 [OPTIMIZE 1]
     4 00000000                                 [OPTION 1]
     5 00000000                                 [BITS 32]
     6 00000000                                 	EXTERN	_fifo_head
     7 00000000                                 [FILE "fifo.c"]
     8                                          [SECTION .data]
     9 00000000                                 	ALIGNB	4
    10 00000000                                 _fifo_head:
    11 00000000 [00000000]                      	DD	_fifo_head
    12 00000004 [00000000]                      	DD	_fifo_head
    13                                          [SECTION .text]
    14 00000000                                 	GLOBAL	_put_bdata_fifo
    15 00000000                                 _put_bdata_fifo:
    16 00000000 55                              	PUSH	EBP
    17 00000001 89 E5                           	MOV	EBP,ESP
    18 00000003 5D                              	POP	EBP
    19 00000004 C3                              	RET
    20 00000005                                 	GLOBAL	_get_bdata_fifo
    21 00000005                                 _get_bdata_fifo:
    22 00000005 55                              	PUSH	EBP
    23 00000006 89 E5                           	MOV	EBP,ESP
    24 00000008 31 C0                           	XOR	EAX,EAX
    25 0000000A 5D                              	POP	EBP
    26 0000000B C3                              	RET
    27 0000000C                                 	GLOBAL	_put_wdata_fifo
    28 0000000C                                 _put_wdata_fifo:
    29 0000000C 55                              	PUSH	EBP
    30 0000000D 89 E5                           	MOV	EBP,ESP
    31 0000000F 5D                              	POP	EBP
    32 00000010 C3                              	RET
    33 00000011                                 	GLOBAL	_put_dwdata_fifo
    34 00000011                                 _put_dwdata_fifo:
    35 00000011 55                              	PUSH	EBP
    36 00000012 89 E5                           	MOV	EBP,ESP
    37 00000014 5D                              	POP	EBP
    38 00000015 C3                              	RET
    39 00000016                                 	GLOBAL	_register_fifo
    40 00000016                                 _register_fifo:
    41 00000016 55                              	PUSH	EBP
    42 00000017 89 E5                           	MOV	EBP,ESP
    43 00000019 56                              	PUSH	ESI
    44 0000001A 53                              	PUSH	EBX
    45 0000001B 8B 75 08                        	MOV	ESI,DWORD [8+EBP]
    46 0000001E 85 F6                           	TEST	ESI,ESI
    47 00000020 74 1E                           	JE	L24
    48 00000022 8B 48 48                        	MOV	ECX,DWORD [72+EAX]
    49 00000025 8D 59 B8                        	LEA	EBX,DWORD [-72+ECX]
    50 00000028 8D 46 48                        	LEA	EAX,DWORD [72+ESI]
    51 0000002B 8B 53 48                        	MOV	EDX,DWORD [72+EBX]
    52 0000002E 89 56 48                        	MOV	DWORD [72+ESI],EDX
    53 00000031 89 43 48                        	MOV	DWORD [72+EBX],EAX
    54 00000034 89 42 04                        	MOV	DWORD [4+EDX],EAX
    55 00000037 89 48 04                        	MOV	DWORD [4+EAX],ECX
    56 0000003A 31 C0                           	XOR	EAX,EAX
    57 0000003C                                 L23:
    58 0000003C 5B                              	POP	EBX
    59 0000003D 5E                              	POP	ESI
    60 0000003E 5D                              	POP	EBP
    61 0000003F C3                              	RET
    62 00000040                                 L24:
    63 00000040 83 C8 FF                        	OR	EAX,-1
    64 00000043 EB F7                           	JMP	L23
