     1 00000000                                 [FORMAT "WCOFF"]
     2 00000000                                 [INSTRSET "i486p"]
     3 00000000                                 [OPTIMIZE 1]
     4 00000000                                 [OPTION 1]
     5 00000000                                 [BITS 32]
     6 00000000                                 	EXTERN	_inb
     7 00000000                                 	EXTERN	_outb
     8 00000000                                 [FILE "keyboard.c"]
     9                                          [SECTION .text]
    10 00000000                                 	GLOBAL	_irq_handler_keyboard
    11 00000000                                 _irq_handler_keyboard:
    12 00000000 55                              	PUSH	EBP
    13 00000001 89 E5                           	MOV	EBP,ESP
    14 00000003 5D                              	POP	EBP
    15 00000004 C3                              	RET
    16 00000005                                 	GLOBAL	_wait_KBC_sendready
    17 00000005                                 _wait_KBC_sendready:
    18 00000005 55                              	PUSH	EBP
    19 00000006 89 E5                           	MOV	EBP,ESP
    20 00000008                                 L3:
    21 00000008 6A 64                           	PUSH	100
    22 0000000A E8 [00000000]                   	CALL	_inb
    23 0000000F 5A                              	POP	EDX
    24 00000010 83 E0 02                        	AND	EAX,2
    25 00000013 75 F3                           	JNE	L3
    26 00000015 C9                              	LEAVE
    27 00000016 C3                              	RET
    28 00000017                                 	GLOBAL	_init_keyboard
    29 00000017                                 _init_keyboard:
    30 00000017 55                              	PUSH	EBP
    31 00000018 89 E5                           	MOV	EBP,ESP
    32 0000001A E8 FFFFFFE6                     	CALL	_wait_KBC_sendready
    33 0000001F 6A 60                           	PUSH	96
    34 00000021 6A 64                           	PUSH	100
    35 00000023 E8 [00000000]                   	CALL	_outb
    36 00000028 E8 FFFFFFD8                     	CALL	_wait_KBC_sendready
    37 0000002D 6A 47                           	PUSH	71
    38 0000002F 6A 60                           	PUSH	96
    39 00000031 E8 [00000000]                   	CALL	_outb
    40 00000036 C9                              	LEAVE
    41 00000037 C3                              	RET
